INFO:root:2019/07/14
INFO:root:14:12 0ppm_NaF.csv
INFO:root:14:12 1kppm_NaF.csv
INFO:root:2019/07/14
INFO:root:14:12 0ppm_NaF.csv
INFO:root:14:12 1kppm_NaF.csv
INFO:root:2019/07/14
INFO:root:14:15 0ppm_NaF.csv
INFO:root:14:15 250ppm_NaF.csv
INFO:root:14:15 1kppm_NaF.csv
INFO:root:14:15 AFF_P1A.csv
INFO:root:14:15 500ppm_NaF.csv
INFO:root:2019/07/14
INFO:root:14:17 0ppm_NaF.csv
INFO:root:2019/07/14
INFO:root:2019/07/14
INFO:root:2019/07/14
INFO:root:2019/07/14
INFO:root:2019/07/14
INFO:root:2019/07/14
INFO:root:14:23 0ppm_NaF.csv
INFO:root:2019/07/14
INFO:root:14:24 0ppm_NaF.csv
INFO:root:14:24 1kppm_NaF.csv
INFO:root:2019/07/14
INFO:root:14:30 0ppm_NaF.csv
INFO:root:14:30 1kppm_NaF.csv
INFO:root:14:30 250ppm_NaF.csv
INFO:root:2019/07/14
INFO:root:14:30 0ppm_NaF.csv
INFO:root:14:30 1kppm_NaF.csv
INFO:root:14:30 250ppm_NaF.csv
INFO:root:2019/07/14
INFO:root:14:31 0ppm_NaF.csv
INFO:root:14:31 1kppm_NaF.csv
INFO:root:14:31 250ppm_NaF.csv
INFO:root:2019/07/14
INFO:root:14:32 0ppm_NaF.csv
INFO:root:14:32 1kppm_NaF.csv
INFO:root:14:32 250ppm_NaF.csv
INFO:root:2019/07/14
INFO:root:14:33 0ppm_NaF.csv
INFO:root:14:33 250ppm_NaF.csv
INFO:root:14:33 1kppm_NaF.csv
INFO:root:2019/07/14
INFO:root:14:34 0ppm_NaF.csv
INFO:root:14:34 250ppm_NaF.csv
INFO:root:14:34 1kppm_NaF.csv
INFO:root:2019/07/14
INFO:root:14:34 0ppm_NaF.csv
INFO:root:14:34 250ppm_NaF.csv
INFO:root:14:34 1kppm_NaF.csv
INFO:root:2019/07/14
INFO:root:14:35 0ppm_NaF.csv
INFO:root:14:35 250ppm_NaF.csv
INFO:root:14:35 1kppm_NaF.csv
INFO:root:2019/07/14
INFO:root:14:36 0ppm_NaF.csv
INFO:root:14:36 250ppm_NaF.csv
INFO:root:14:36 1kppm_NaF.csv
INFO:root:2019/07/14
INFO:root:14:38 0ppm_NaF.csv
INFO:root:14:38 1kppm_NaF.csv
INFO:root:14:39 250ppm_NaF.csv
INFO:root:2019/07/14
INFO:root:14:39 0ppm_NaF.csv
INFO:root:14:39 250ppm_NaF.csv
INFO:root:14:39 1kppm_NaF.csv
INFO:root:2019/07/14
INFO:root:14:39 0ppm_NaF.csv
INFO:root:14:39 250ppm_NaF.csv
INFO:root:14:39 1kppm_NaF.csv
INFO:root:2019/07/14
INFO:root:14:39 0ppm_NaF.csv
INFO:root:14:39 250ppm_NaF.csv
INFO:root:14:39 1kppm_NaF.csv
INFO:root:2019/07/14
INFO:root:14:40 0ppm_NaF.csv
INFO:root:14:40 250ppm_NaF.csv
INFO:root:14:40 1kppm_NaF.csv
INFO:root:2019/07/14
INFO:root:14:41 0ppm_NaF.csv
INFO:root:14:41 AFF_P1C.csv
INFO:root:14:41 1kppm_NaF.csv
INFO:root:14:41 250ppm_NaF.csv
INFO:root:14:41 AFF_P1A.csv
INFO:root:14:41 AFF_P1B.csv
INFO:root:14:41 500ppm_NaF.csv
INFO:root:14:41 BeamOnAir1.csv
INFO:root:14:41 CB_SG.csv
INFO:root:14:41 BeamOnAir2.csv
INFO:root:2019/07/14
INFO:root:14:42 0ppm_NaF.csv
INFO:root:14:42 AFF_P1C.csv
INFO:root:14:42 250ppm_NaF.csv
INFO:root:14:42 1kppm_NaF.csv
INFO:root:14:42 500ppm_NaF.csv
INFO:root:14:42 AFF_P1A.csv
INFO:root:14:42 AFF_P1B.csv
INFO:root:14:42 BeamOnAir1.csv
INFO:root:14:42 CB_SG.csv
INFO:root:14:42 BeamOnAir2.csv
INFO:root:2019/07/14
INFO:root:14:49 0ppm_NaF.csv
INFO:root:14:49 1kppm_NaF.csv
INFO:root:2019/07/14
INFO:root:14:49 0ppm_NaF.csv
INFO:root:14:49 1kppm_NaF.csv
INFO:root:2019/07/14
INFO:root:14:57 0ppm_NaF.csv
INFO:root:14:57 1kppm_NaF.csv
INFO:root:2019/07/14
INFO:root:14:57 0ppm_NaF.csv
INFO:root:14:57 1kppm_NaF.csv
INFO:root:2019/07/14
INFO:root:14:58 0ppm_NaF.csv
INFO:root:14:58 1kppm_NaF.csv
INFO:root:2019/07/14
INFO:root:15:16 0ppm_NaF.csv
INFO:root:15:16 1kppm_NaF.csv
INFO:root:2019/07/14
INFO:root:15:40 0ppm_NaF.csv
INFO:root:15:40 1kppm_NaF.csv
INFO:root:2019/07/14
INFO:root:15:41 0ppm_NaF.csv
INFO:root:15:41 1kppm_NaF.csv
INFO:root:2019/07/14
INFO:root:15:41 0ppm_NaF.csv
INFO:root:15:41 1kppm_NaF.csv
INFO:root:2019/07/14
INFO:root:15:44 0ppm_NaF.csv
INFO:root:15:44 1kppm_NaF.csv
INFO:root:2019/07/14
INFO:root:15:46 0ppm_NaF.csv
INFO:root:15:46 1kppm_NaF.csv
INFO:root:2019/07/14
INFO:root:15:47 0ppm_NaF.csv
INFO:root:15:47 1kppm_NaF.csv
INFO:root:2019/07/14
INFO:root:15:48 0ppm_NaF.csv
INFO:root:15:48 1kppm_NaF.csv
INFO:root:2019/07/14
INFO:root:15:52 0ppm_NaF.csv
INFO:root:15:52 1kppm_NaF.csv
INFO:root:2019/07/14
INFO:root:15:53 0ppm_NaF.csv
INFO:root:15:53 1kppm_NaF.csv
INFO:root:2019/07/14
INFO:root:15:53 0ppm_NaF.csv
INFO:root:15:53 1kppm_NaF.csv
INFO:root:2019/07/14
INFO:root:15:55 0ppm_NaF.csv
INFO:root:15:55 1kppm_NaF.csv
INFO:root:2019/07/14
INFO:root:15:55 0ppm_NaF.csv
INFO:root:15:55 1kppm_NaF.csv
INFO:root:2019/07/14
INFO:root:15:55 0ppm_NaF.csv
INFO:root:15:55 1kppm_NaF.csv
INFO:root:2019/07/14
INFO:root:15:56 0ppm_NaF.csv
INFO:root:15:56 1kppm_NaF.csv
INFO:root:2019/07/14
INFO:root:15:57 0ppm_NaF.csv
INFO:root:15:57 1kppm_NaF.csv
INFO:root:2019/07/14
INFO:root:15:57 0ppm_NaF.csv
INFO:root:15:57 1kppm_NaF.csv
INFO:root:2019/07/14
INFO:root:15:58 0ppm_NaF.csv
INFO:root:15:58 1kppm_NaF.csv
INFO:root:2019/07/14
INFO:root:16:00 0ppm_NaF.csv
INFO:root:16:00 1kppm_NaF.csv
INFO:root:2019/07/14
INFO:root:16:01 0ppm_NaF.csv
INFO:root:16:01 1kppm_NaF.csv
INFO:root:2019/07/14
INFO:root:16:03 0ppm_NaF.csv
INFO:root:16:03 1kppm_NaF.csv
INFO:root:2019/07/14
INFO:root:16:04 0ppm_NaF.csv
INFO:root:16:04 1kppm_NaF.csv
INFO:root:2019/07/14
INFO:root:16:04 AFF_P1A.csv
INFO:root:16:05 CB_VCW.csv
INFO:root:16:05 CB_SG.csv
INFO:root:16:05 EM_100_25_C.csv
INFO:root:16:05 DeltaVest_2.csv
INFO:root:16:05 0ppm_NaF.csv
INFO:root:16:05 AFF_P1C.csv
INFO:root:16:05 250ppm_NaF.csv
INFO:root:16:05 1kppm_NaF.csv
INFO:root:16:05 AFF_P1B.csv
INFO:root:16:05 500ppm_NaF.csv
INFO:root:16:05 BeamOnAir1.csv
INFO:root:16:05 DeltaJacketPurple2.csv
INFO:root:16:05 EM_10_250_D.csv
INFO:root:16:05 EM_100_25_D.csv
INFO:root:16:05 DeltaJacketPurple.csv
INFO:root:16:05 EM_10_250_C.csv
INFO:root:16:05 BeamOnAir2.csv
INFO:root:16:05 DeltaJacketRed.csv
INFO:root:16:05 DeltaVest_1.csv
INFO:root:2019/07/14
INFO:root:16:09 500ppm_NaF.csv
INFO:root:16:09 AFF_P1B.csv
INFO:root:16:09 AFF_P1A.csv
INFO:root:16:09 CB_SG.csv
INFO:root:16:09 0ppm_NaF.csv
INFO:root:16:09 250ppm_NaF.csv
INFO:root:16:09 EM_25_100_C.csv
INFO:root:16:09 EM_10_250_D.csv
INFO:root:16:10 CB_VCW.csv
INFO:root:16:10 EM_100_25_C.csv
INFO:root:16:10 AFF_P1C.csv
INFO:root:16:10 1kppm_NaF.csv
INFO:root:16:10 DeltaJacketPurple.csv
INFO:root:16:10 BeamOnAir2.csv
INFO:root:16:10 DeltaVest_2.csv
INFO:root:16:10 EM_25_100_D.csv
INFO:root:16:10 NWVND_VCW.csv
INFO:root:16:10 SDS_VCW_B.csv
INFO:root:16:10 DeltaJacketPurple2.csv
INFO:root:16:10 IFSD2_SG.csv
INFO:root:16:10 BeamOnAir1.csv
INFO:root:16:10 SDS_VCW_PS.csv
INFO:root:16:10 SDL_VCW.csv
INFO:root:16:10 NWND_SG.csv
INFO:root:16:10 DeltaVest_1.csv
INFO:root:16:10 EM_50_50_C.csv
INFO:root:16:10 NWVNDS_VCW.csv
INFO:root:16:10 Std_0ppm1_37nA.csv
INFO:root:16:10 SM_JTEC_05U_A.csv
INFO:root:16:10 EM_100_25_D.csv
INFO:root:16:10 Std_0ppm2_37nA.csv
INFO:root:16:10 SDS_VCW_PT.csv
INFO:root:16:10 Std_2000ppm2_38nA.csv
INFO:root:16:10 Std_2000ppm1_36nA.csv
INFO:root:16:10 EM_10_250_C.csv
INFO:root:16:10 SM_JTEC_05U_B.csv
INFO:root:16:10 TN1_SG.csv
INFO:root:16:10 SM_JTSC_05U_A.csv
INFO:root:16:10 EM_50_50_D.csv
INFO:root:16:10 WS_SG_A.csv
INFO:root:16:10 WS_SG_B.csv
INFO:root:16:10 OWS_MJG.csv
INFO:root:16:10 Std_250ppm1_36nA.csv
INFO:root:16:10 Std_250ppm_36nA.csv
INFO:root:16:10 Std_1000ppm_37nA.csv
INFO:root:16:10 Std_1000ppm1_36nA.csv
INFO:root:16:10 TN2_SG.csv
INFO:root:16:10 TN3_SG.csv
INFO:root:16:10 VND_VCW.csv
INFO:root:16:10 VND1_SG.csv
INFO:root:16:10 VND2_SG.csv
INFO:root:16:10 Scarf_VCW.csv
INFO:root:16:10 SS_VCW.csv
INFO:root:16:10 WS_VCW.csv
INFO:root:16:10 DeltaJacketRed.csv
INFO:root:16:10 WVNDL_VCW.csv
INFO:root:16:10 SD_VCW.csv
INFO:root:16:10 SM_JTSC_05U_B.csv
INFO:root:16:10 VND_MJG.csv
INFO:root:16:10 SD_MJG.csv
INFO:root:16:10 Std_500ppm2_37nA.csv
INFO:root:16:10 Std_1500ppm2_37nA.csv
INFO:root:16:10 UB_SG.csv
INFO:root:16:11 TSD_VCW.csv
INFO:root:16:11 Std_500ppm1_36nA.csv
INFO:root:16:11 Std_1500ppm1_36nA.csv
INFO:root:16:11 WPants_SG.csv
INFO:root:16:11 IFSD1_SG.csv
INFO:root:16:11 WVNDS_VCW.csv
INFO:root:16:11 WVND_VCW.csv
INFO:root:16:11 WSirt_SG.csv
INFO:root:2019/07/14
INFO:root:16:42 MG_JMEB_00U.csv
INFO:root:16:42 MG_JMSB_00U.csv
INFO:root:16:42 MG_JMEC_01U.csv
INFO:root:16:42 MG_JMEB_02U.csv
INFO:root:16:42 MG_JMSG_06U.csv
INFO:root:16:42 MG_JMSC_01U.csv
INFO:root:16:42 MG_JMSB_02U.csv
INFO:root:16:42 MG_JMSE_05U.csv
INFO:root:16:42 MG_JMEG_06U.csv
INFO:root:16:42 MG_JOEC_01U.csv
INFO:root:16:42 MG_PMEG_02U.csv
INFO:root:16:42 MG_PMSB_96U.csv
INFO:root:16:43 MG_PMEB_96U.csv
INFO:root:16:43 Matt.csv
INFO:root:16:43 MG_JMEE_05U.csv
INFO:root:16:43 MG_PMSG_02U.csv
INFO:root:16:43 MG_PMSB_06U.csv
INFO:root:16:43 MG_JOSB_00U.csv
INFO:root:16:43 BeamOnAir1.csv
INFO:root:16:43 MG_JMEC_17N.csv
INFO:root:16:43 MG_PMEB_06U.csv
INFO:root:16:43 MG_PMEG_05U.csv
INFO:root:16:43 MG_JOBE_06U.csv
INFO:root:16:43 MG_PMSG_05U.csv
INFO:root:16:43 MG_JOSB_02U.csv
INFO:root:16:43 MG_JOEB_00U.csv
INFO:root:16:43 MG_JOSC_01U.csv
INFO:root:16:43 MG_JOEB_02U.csv
INFO:root:16:43 MG_JTEB_06U.csv
INFO:root:16:43 MG_JOSB_06U.csv
INFO:root:16:43 MG_JOSE_06U.csv
INFO:root:16:44 BeamOnAir2.csv
INFO:root:16:44 MG_JTSB_00U.csv
INFO:root:16:44 MG_JTSB_17N.csv
INFO:root:16:44 MG_JTEB_02U.csv
INFO:root:16:44 MG_JTSB_06U.csv
INFO:root:16:44 MG_JOEB_06U.csv
INFO:root:16:44 MG_JTEB_17N.csv
INFO:root:16:44 MG_JTSB_02U.csv
INFO:root:16:44 MG_JTEC_01U.csv
INFO:root:16:44 MG_POEG_05U.csv
INFO:root:16:44 MG_POEG_02U.csv
INFO:root:16:44 MG_JTSE_06U.csv
INFO:root:16:44 MG_POSB_08U.csv
INFO:root:16:44 MG_POSG_05U.csv
INFO:root:16:44 Std_1500ppm2_56nA.csv
INFO:root:16:44 MG_JTSC_01U.csv
INFO:root:16:44 BlankTape.csv
INFO:root:16:44 MG_PTSG_02U.csv
INFO:root:16:44 Std_2000ppm1_46nA.csv
INFO:root:16:44 Std_500ppm2_58nA.csv
INFO:root:16:44 Std_0ppm1.csv
INFO:root:16:44 MG_PTEG_02U.csv
INFO:root:16:44 MG_POEB_08U.csv
INFO:root:16:44 MG_JTEE_06U.csv
INFO:root:16:44 MG_JTEB_00U.csv
INFO:root:16:44 MG_PTEB_95U.csv
INFO:root:16:44 Std_250ppm2_57nA.csv
INFO:root:16:44 MG_PTEB_08U.csv
INFO:root:16:44 MG_PTSB_95U.csv
INFO:root:16:44 MG_POSG_02U.csv
INFO:root:16:44 Std_500ppm1_45nA.csv
INFO:root:16:44 Std_1500ppm1_46nA.csv
INFO:root:16:44 MG_JTEC_17N.csv
INFO:root:16:44 Std_1000ppm2_59nA.csv
INFO:root:16:44 MG_JTSC_17N.csv
INFO:root:16:44 MG_POSB_95U.csv
INFO:root:16:44 Std_1000ppm1_45nA.csv
INFO:root:16:44 MG_POEB_95U.csv
INFO:root:16:44 Std_0ppm2_58nA.csv
INFO:root:16:44 MG_PTSG_05U.csv
INFO:root:16:44 Std_2000ppm2_56nA.csv
INFO:root:16:44 Std_250ppm1_44nA.csv
INFO:root:16:44 MG_PTEG_05U.csv
INFO:root:16:44 MG_PTSB_08U.csv
INFO:root:16:44 MG_JMSC_17N.csv
INFO:root:information
INFO:root:information
INFO:root:information
INFO:root:information
INFO:root:information
INFO:root:2020/01/09
INFO:root:14:10 MG_JMEC_01U.csv
INFO:root:14:10 MG_JMEB_00U.csv
INFO:root:14:10 MG_JMEB_02U.csv
INFO:root:14:10 MG_JMSB_00U.csv
INFO:root:14:10 MG_JMSB_02U.csv
INFO:root:14:10 MG_JMSC_01U.csv
INFO:root:14:10 MG_JMSG_06U.csv
INFO:root:14:10 BeamOnAir1.csv
INFO:root:14:10 MG_JMSE_05U.csv
INFO:root:14:10 MG_JOEC_01U.csv
INFO:root:14:10 Matt.csv
INFO:root:14:10 MG_JMEG_06U.csv
INFO:root:14:11 MG_JMEC_17N.csv
INFO:root:14:11 MG_JMEE_05U.csv
INFO:root:14:11 MG_PMEG_05U.csv
INFO:root:14:11 MG_PMSB_96U.csv
INFO:root:14:11 MG_PMEG_02U.csv
INFO:root:14:11 MG_JOSB_00U.csv
INFO:root:14:11 MG_PMSG_02U.csv
INFO:root:14:11 MG_JOBE_06U.csv
INFO:root:14:11 MG_JOSE_06U.csv
INFO:root:14:11 BeamOnAir2.csv
INFO:root:14:11 MG_PMEB_96U.csv
INFO:root:14:11 MG_JOEB_06U.csv
INFO:root:14:11 MG_PMSB_06U.csv
INFO:root:14:11 MG_JOEB_02U.csv
INFO:root:14:11 MG_JTSC_01U.csv
INFO:root:14:11 MG_JTEB_17N.csv
INFO:root:14:11 MG_PMEB_06U.csv
INFO:root:14:11 MG_PMSG_05U.csv
INFO:root:14:12 MG_JTSC_17N.csv
INFO:root:14:12 MG_JMSC_17N.csv
INFO:root:14:12 MG_JOSC_01U.csv
INFO:root:14:12 MG_JOSB_02U.csv
INFO:root:14:12 BlankTape.csv
INFO:root:14:12 MG_POEG_02U.csv
INFO:root:14:12 MG_JTSB_06U.csv
INFO:root:14:12 MG_JTEB_02U.csv
INFO:root:14:12 Std_1500ppm2_56nA.csv
INFO:root:14:12 Std_1000ppm1_45nA.csv
INFO:root:14:12 MG_JOEB_00U.csv
INFO:root:14:12 MG_JTSE_06U.csv
INFO:root:14:12 MG_JTEB_06U.csv
INFO:root:14:12 MG_PTEB_08U.csv
INFO:root:14:12 Std_0ppm1.csv
INFO:root:14:12 MG_JTEC_01U.csv
INFO:root:14:12 MG_POEG_05U.csv
INFO:root:14:12 MG_POSG_02U.csv
INFO:root:14:12 MG_JTSB_17N.csv
INFO:root:14:12 MG_JOSB_06U.csv
INFO:root:14:12 MG_JTEB_00U.csv
INFO:root:14:12 MG_POEB_08U.csv
INFO:root:14:12 MG_POSG_05U.csv
INFO:root:14:12 MG_PTSG_02U.csv
INFO:root:14:12 MG_PTEB_95U.csv
INFO:root:14:12 MG_JTEE_06U.csv
INFO:root:14:12 MG_JTSB_00U.csv
INFO:root:14:13 MG_POSB_95U.csv
INFO:root:14:13 Std_250ppm2_57nA.csv
INFO:root:14:13 MG_PTSG_05U.csv
INFO:root:14:13 Std_2000ppm1_46nA.csv
INFO:root:14:13 MG_POSB_08U.csv
INFO:root:14:13 Std_2000ppm2_56nA.csv
INFO:root:14:13 MG_JTEC_17N.csv
INFO:root:14:13 MG_JTSB_02U.csv
INFO:root:14:13 MG_PTSB_08U.csv
INFO:root:14:13 Std_500ppm2_58nA.csv
INFO:root:14:13 MG_POEB_95U.csv
INFO:root:14:13 Std_1000ppm2_59nA.csv
INFO:root:14:13 MG_PTEG_05U.csv
INFO:root:14:13 Std_250ppm1_44nA.csv
INFO:root:14:13 MG_PTSB_95U.csv
INFO:root:14:13 Std_500ppm1_45nA.csv
INFO:root:14:13 Std_0ppm2_58nA.csv
INFO:root:14:13 MG_PTEG_02U.csv
INFO:root:14:13 Std_1500ppm1_46nA.csv
